// Jest Snapshot v1, https://goo.gl/fbAQLP

exports[`should take a snapshot 1`] = `
<DocumentFragment>
  <div
    class="App"
  >
    <h1>
      learn react
    </h1>
    <button>
      Click Me
    </button>
    <h2>
      Sonam Soni
    </h2>
  </div>
</DocumentFragment>
`;
